Microsoft (R) Macro Assembler Version 14.16.27035.0	    02/28/20 09:06:13
AddTwo.asm						     Page 1 - 1


				;Lab7-Exercise 1
				;Learn Flags Detail


				.386
				.model flat,stdcall
				.stack 4096
				ExitProcess proto,dwExitCode:dword
 00000000			.data
 00000000 65 31 02 05		varB BYTE 65h, 31h, 02h, 05h
 00000004 6543 1202		varW WORD 6543h, 1202h
 00000008 12345678		varD DWORD 12345678h
 00000000			.code
 00000000			main PROC
 00000000  66| A1		mov ax,	WORD PTR [varB+2]						; a. mov varB+2 using PTR, What is in AX = 0502h
	   00000002 R
 00000006  8A 1D 00000007 R	mov bl, BYTE PTR [varW+3]						; b. mov varW+3 using PTR, What is in BL = 12h
 0000000C  66| 8B 0D		mov cx,	WORD PTR [varD+2]						; c. mov varD+2 using PTR, what is in CX = 34h
	   0000000A R
 00000013  8B 1D 00000006 R	mov ebx, DWORD PTR [varW+2]						; d. mov varW+2 using PTR, What is in EBX = 56781202h
					invoke ExitProcess,0
 00000019  6A 00	   *	    push   +000000000h
 0000001B  E8 00000000 E   *	    call   ExitProcess
 00000020			main endp
				end main
Microsoft (R) Macro Assembler Version 14.16.27035.0	    02/28/20 09:06:13
AddTwo.asm						     Symbols 2 - 1




Segments and Groups:

                N a m e                 Size     Length   Align   Combine Class

FLAT . . . . . . . . . . . . . .	GROUP
STACK  . . . . . . . . . . . . .	32 Bit	 00001000 DWord	  Stack	  'STACK'	 
_DATA  . . . . . . . . . . . . .	32 Bit	 0000000C DWord	  Public  'DATA'	
_TEXT  . . . . . . . . . . . . .	32 Bit	 00000020 DWord	  Public  'CODE'	


Procedures, parameters, and locals:

                N a m e                 Type     Value    Attr

ExitProcess  . . . . . . . . . .	P Near	 00000000 FLAT	Length= 00000000 External STDCALL
main . . . . . . . . . . . . . .	P Near	 00000000 _TEXT	Length= 00000020 Public STDCALL


Symbols:

                N a m e                 Type     Value    Attr

@CodeSize  . . . . . . . . . . .	Number	 00000000h   
@DataSize  . . . . . . . . . . .	Number	 00000000h   
@Interface . . . . . . . . . . .	Number	 00000003h   
@Model . . . . . . . . . . . . .	Number	 00000007h   
@code  . . . . . . . . . . . . .	Text   	 _TEXT
@data  . . . . . . . . . . . . .	Text   	 FLAT
@fardata?  . . . . . . . . . . .	Text   	 FLAT
@fardata . . . . . . . . . . . .	Text   	 FLAT
@stack . . . . . . . . . . . . .	Text   	 FLAT
varB . . . . . . . . . . . . . .	Byte	 00000000 _DATA	
varD . . . . . . . . . . . . . .	DWord	 00000008 _DATA	
varW . . . . . . . . . . . . . .	Word	 00000004 _DATA	

	   0 Warnings
	   0 Errors
