Microsoft (R) Macro Assembler Version 14.16.27035.0	    03/03/20 20:51:10
AddTwo.asm						     Page 1 - 1


				.386
				.model flat,stdcall
				.stack 4096
				ExitProcess proto,dwExitCode:dword

 00000000			.data
 00000000 00000000		counter DWORD ?
 00000000			.code
 00000000			main proc
 00000000  B0 00		mov al, 0
 00000002  B9 00000002		mov ecx, 2
 00000007			L1:
 00000007  89 0D 00000000 R	mov counter, ecx
 0000000D  B9 00000002		mov ecx, 2
 00000012			L2:
 00000012  FE C0		inc al
 00000014  E2 FC		LOOP L2
 00000016  8B 0D 00000000 R	mov ecx, counter
 0000001C  E2 E9		LOOP L1


				invoke ExitProcess,0
 0000001E  6A 00	   *	    push   +000000000h
 00000020  E8 00000000 E   *	    call   ExitProcess
 00000025			main endp
				end main
Microsoft (R) Macro Assembler Version 14.16.27035.0	    03/03/20 20:51:10
AddTwo.asm						     Symbols 2 - 1




Segments and Groups:

                N a m e                 Size     Length   Align   Combine Class

FLAT . . . . . . . . . . . . . .	GROUP
STACK  . . . . . . . . . . . . .	32 Bit	 00001000 DWord	  Stack	  'STACK'	 
_DATA  . . . . . . . . . . . . .	32 Bit	 00000004 DWord	  Public  'DATA'	
_TEXT  . . . . . . . . . . . . .	32 Bit	 00000025 DWord	  Public  'CODE'	


Procedures, parameters, and locals:

                N a m e                 Type     Value    Attr

ExitProcess  . . . . . . . . . .	P Near	 00000000 FLAT	Length= 00000000 External STDCALL
main . . . . . . . . . . . . . .	P Near	 00000000 _TEXT	Length= 00000025 Public STDCALL
  L1 . . . . . . . . . . . . . .	L Near	 00000007 _TEXT	
  L2 . . . . . . . . . . . . . .	L Near	 00000012 _TEXT	


Symbols:

                N a m e                 Type     Value    Attr

@CodeSize  . . . . . . . . . . .	Number	 00000000h   
@DataSize  . . . . . . . . . . .	Number	 00000000h   
@Interface . . . . . . . . . . .	Number	 00000003h   
@Model . . . . . . . . . . . . .	Number	 00000007h   
@code  . . . . . . . . . . . . .	Text   	 _TEXT
@data  . . . . . . . . . . . . .	Text   	 FLAT
@fardata?  . . . . . . . . . . .	Text   	 FLAT
@fardata . . . . . . . . . . . .	Text   	 FLAT
@stack . . . . . . . . . . . . .	Text   	 FLAT
counter  . . . . . . . . . . . .	DWord	 00000000 _DATA	

	   0 Warnings
	   0 Errors
