Microsoft (R) Macro Assembler Version 14.16.27035.0	    03/06/20 13:48:58
AddTwo.asm						     Page 1 - 1


				; Loop Instruction
				;Problem 3. Write and run the program and answer the questions in the box.
				;Summing the Array(SumArray.asm)
				.386
				.model flat,stdcall
				.stack 4096
				ExitProcess proto,dwExitCode:dword

 00000000			.data
 00000000 6000 7000 8000	intarray WORD 6000h, 7000h, 8000h, 9000h, 5000h, 4000h
	   9000 5000 4000
 00000000			.code
 00000000			main proc
 00000000  BF 0000000A R	mov edi, OFFSET intarray+10				; address of the intarray
 00000005  B9 00000006		mov ecx, LENGTHOF intarray				; loop counter
 0000000A  66| B8 0000		mov ax, 0								; set the accumulator to zero
 0000000E			L1:										; Create a label
 0000000E  66| 03 07		add ax, [edi]							; add an integer
 00000011  83 EF 02		sub edi, TYPE intarray					; point to the next integer
 00000014  E2 F8		loop L1									; loop until ECX = 0
				; Is the ZF flag set? : NO
				;Why? : There is overflow from AX but the value of AX is never 00 00h 
				invoke ExitProcess,0
 00000016  6A 00	   *	    push   +000000000h
 00000018  E8 00000000 E   *	    call   ExitProcess
 0000001D			main endp
				end main
Microsoft (R) Macro Assembler Version 14.16.27035.0	    03/06/20 13:48:58
AddTwo.asm						     Symbols 2 - 1




Segments and Groups:

                N a m e                 Size     Length   Align   Combine Class

FLAT . . . . . . . . . . . . . .	GROUP
STACK  . . . . . . . . . . . . .	32 Bit	 00001000 DWord	  Stack	  'STACK'	 
_DATA  . . . . . . . . . . . . .	32 Bit	 0000000C DWord	  Public  'DATA'	
_TEXT  . . . . . . . . . . . . .	32 Bit	 0000001D DWord	  Public  'CODE'	


Procedures, parameters, and locals:

                N a m e                 Type     Value    Attr

ExitProcess  . . . . . . . . . .	P Near	 00000000 FLAT	Length= 00000000 External STDCALL
main . . . . . . . . . . . . . .	P Near	 00000000 _TEXT	Length= 0000001D Public STDCALL
  L1 . . . . . . . . . . . . . .	L Near	 0000000E _TEXT	


Symbols:

                N a m e                 Type     Value    Attr

@CodeSize  . . . . . . . . . . .	Number	 00000000h   
@DataSize  . . . . . . . . . . .	Number	 00000000h   
@Interface . . . . . . . . . . .	Number	 00000003h   
@Model . . . . . . . . . . . . .	Number	 00000007h   
@code  . . . . . . . . . . . . .	Text   	 _TEXT
@data  . . . . . . . . . . . . .	Text   	 FLAT
@fardata?  . . . . . . . . . . .	Text   	 FLAT
@fardata . . . . . . . . . . . .	Text   	 FLAT
@stack . . . . . . . . . . . . .	Text   	 FLAT
intarray . . . . . . . . . . . .	Word	 00000000 _DATA	

	   0 Warnings
	   0 Errors
