Microsoft (R) Macro Assembler Version 14.16.27035.0	    03/06/20 13:37:12
AddTwo.asm						     Page 1 - 1


				.386
				.model flat,stdcall
				.stack 4096
				ExitProcess proto,dwExitCode:dword

 00000000			.data
 00000000 10 20 30 40		myBytes BYTE 10h, 20h, 30h, 40h
 00000004 008A 003B 0072	myWords WORD 8Ah, 3Bh, 72h, 44h, 66h
	   0044 0066
 0000000E 00000001		myDoubles DWORD 1, 2, 3, 4, 5
	   00000002
	   00000003
	   00000004
	   00000005
 00000022 0000000E R		myPointer DWORD myDoubles
 00000000			.code
 00000000			main proc
 00000000  BE 00000000 R	mov esi, OFFSET myBytes
 00000005  8A 46 05		mov al, [esi+5]								; a. AL = 00h
 00000008  8A 46 0E		mov al, [esi+14]							; b. AL = 01h
				;DEfinition: indirect access mode
 0000000B  BE 00000006 R	mov esi, OFFSET myWords+2
 00000010  66| 8B 06		mov ax, [esi]								; c. AX = 00 3Bh
 00000013  BF 00000008		mov edi, 8
 00000018  8B 15 00000006 R	mov edx, [myDoubles - 8]					; d. EDX = 00 72 00 3Bh
				; Definition: Indirect
 0000001E  8B 97 0000000E R	mov edx, myDoubles[edi]						; e. EDX = 00 00 00 03h
 00000024  8B 1D 00000022 R	mov ebx, myPointer
 0000002A  8B 43 04		mov eax, [ebx+4]							; f. EAX = 00 00 00 02h
				; Definition: Direct Access Mode

				invoke ExitProcess,0
 0000002D  6A 00	   *	    push   +000000000h
 0000002F  E8 00000000 E   *	    call   ExitProcess
 00000034			main endp
				end main
Microsoft (R) Macro Assembler Version 14.16.27035.0	    03/06/20 13:37:12
AddTwo.asm						     Symbols 2 - 1




Segments and Groups:

                N a m e                 Size     Length   Align   Combine Class

FLAT . . . . . . . . . . . . . .	GROUP
STACK  . . . . . . . . . . . . .	32 Bit	 00001000 DWord	  Stack	  'STACK'	 
_DATA  . . . . . . . . . . . . .	32 Bit	 00000026 DWord	  Public  'DATA'	
_TEXT  . . . . . . . . . . . . .	32 Bit	 00000034 DWord	  Public  'CODE'	


Procedures, parameters, and locals:

                N a m e                 Type     Value    Attr

ExitProcess  . . . . . . . . . .	P Near	 00000000 FLAT	Length= 00000000 External STDCALL
main . . . . . . . . . . . . . .	P Near	 00000000 _TEXT	Length= 00000034 Public STDCALL


Symbols:

                N a m e                 Type     Value    Attr

@CodeSize  . . . . . . . . . . .	Number	 00000000h   
@DataSize  . . . . . . . . . . .	Number	 00000000h   
@Interface . . . . . . . . . . .	Number	 00000003h   
@Model . . . . . . . . . . . . .	Number	 00000007h   
@code  . . . . . . . . . . . . .	Text   	 _TEXT
@data  . . . . . . . . . . . . .	Text   	 FLAT
@fardata?  . . . . . . . . . . .	Text   	 FLAT
@fardata . . . . . . . . . . . .	Text   	 FLAT
@stack . . . . . . . . . . . . .	Text   	 FLAT
myBytes  . . . . . . . . . . . .	Byte	 00000000 _DATA	
myDoubles  . . . . . . . . . . .	DWord	 0000000E _DATA	
myPointer  . . . . . . . . . . .	DWord	 00000022 _DATA	
myWords  . . . . . . . . . . . .	Word	 00000004 _DATA	

	   0 Warnings
	   0 Errors
